// Jest Snapshot v1, https://goo.gl/fbAQLP

exports[`Categories component tests should match with snapshot 1`] = `
Array [
  <div
    id="categorySearchFilter"
  >
    <input
      className="filter"
      onChange={[Function]}
      placeholder="Type the recipe name"
      value=""
    />
  </div>,
  <div
    className="container"
    data-testid="categories"
  >
    <div
      className="cards"
    />
  </div>,
]
`;
