// Jest Snapshot v1, https://goo.gl/fbAQLP

exports[`CategoryFilter component tests should match with snapshot 1`] = `
<div>
  <p>
    Filtrer by
  </p>
  <select
    onChange={[Function]}
    value="ASC"
  >
    <option>
      ASC
    </option>
    <option>
      DESC
    </option>
  </select>
</div>
`;
